INFO:     Started server process [1722]
INFO:     Waiting for application startup.
INFO:     Application startup complete.
INFO:     Uvicorn running on http://0.0.0.0:8000 (Press CTRL+C to quit)
INFO:     127.0.0.1:41248 - "GET / HTTP/1.1" 500 Internal Server Error
ERROR:    Exception in ASGI application
Traceback (most recent call last):
  File "/home/user/FIFA-WORLDCUP-PREDICTION/.venv/lib/python3.11/site-packages/uvicorn/protocols/http/httptools_impl.py", line 422, in run_asgi
    result = await app(  # type: ignore[func-returns-value]
             ^^^^^^^^^^^^^^^^^^^^^^^^^^^^^^^^^^^^^^^^^^^^^^
  File "/home/user/FIFA-WORLDCUP-PREDICTION/.venv/lib/python3.11/site-packages/uvicorn/middleware/proxy_headers.py", line 63, in __call__
    return await self.app(scope, receive, send)
           ^^^^^^^^^^^^^^^^^^^^^^^^^^^^^^^^^^^^
  File "/home/user/FIFA-WORLDCUP-PREDICTION/.venv/lib/python3.11/site-packages/fastapi/applications.py", line 1163, in __call__
    await super().__call__(scope, receive, send)
  File "/home/user/FIFA-WORLDCUP-PREDICTION/.venv/lib/python3.11/site-packages/starlette/applications.py", line 90, in __call__
    await self.middleware_stack(scope, receive, send)
  File "/home/user/FIFA-WORLDCUP-PREDICTION/.venv/lib/python3.11/site-packages/starlette/middleware/errors.py", line 186, in __call__
    raise exc
  File "/home/user/FIFA-WORLDCUP-PREDICTION/.venv/lib/python3.11/site-packages/starlette/middleware/errors.py", line 164, in __call__
    await self.app(scope, receive, _send)
  File "/home/user/FIFA-WORLDCUP-PREDICTION/.venv/lib/python3.11/site-packages/starlette/middleware/exceptions.py", line 63, in __call__
    await wrap_app_handling_exceptions(self.app, conn)(scope, receive, send)
  File "/home/user/FIFA-WORLDCUP-PREDICTION/.venv/lib/python3.11/site-packages/starlette/_exception_handler.py", line 53, in wrapped_app
    raise exc
  File "/home/user/FIFA-WORLDCUP-PREDICTION/.venv/lib/python3.11/site-packages/starlette/_exception_handler.py", line 42, in wrapped_app
    await app(scope, receive, sender)
  File "/home/user/FIFA-WORLDCUP-PREDICTION/.venv/lib/python3.11/site-packages/fastapi/middleware/asyncexitstack.py", line 18, in __call__
    await self.app(scope, receive, send)
  File "/home/user/FIFA-WORLDCUP-PREDICTION/.venv/lib/python3.11/site-packages/starlette/routing.py", line 660, in __call__
    await self.middleware_stack(scope, receive, send)
  File "/home/user/FIFA-WORLDCUP-PREDICTION/.venv/lib/python3.11/site-packages/fastapi/routing.py", line 2734, in app
    await route.handle(scope, receive, send)
  File "/home/user/FIFA-WORLDCUP-PREDICTION/.venv/lib/python3.11/site-packages/fastapi/routing.py", line 1281, in handle
    await super().handle(scope, receive, send)
  File "/home/user/FIFA-WORLDCUP-PREDICTION/.venv/lib/python3.11/site-packages/starlette/routing.py", line 276, in handle
    await self.app(scope, receive, send)
  File "/home/user/FIFA-WORLDCUP-PREDICTION/.venv/lib/python3.11/site-packages/fastapi/routing.py", line 158, in app
    await wrap_app_handling_exceptions(app, request)(scope, receive, send)
  File "/home/user/FIFA-WORLDCUP-PREDICTION/.venv/lib/python3.11/site-packages/starlette/_exception_handler.py", line 53, in wrapped_app
    raise exc
  File "/home/user/FIFA-WORLDCUP-PREDICTION/.venv/lib/python3.11/site-packages/starlette/_exception_handler.py", line 42, in wrapped_app
    await app(scope, receive, sender)
  File "/home/user/FIFA-WORLDCUP-PREDICTION/.venv/lib/python3.11/site-packages/fastapi/routing.py", line 144, in app
    response = await f(request)
               ^^^^^^^^^^^^^^^^
  File "/home/user/FIFA-WORLDCUP-PREDICTION/.venv/lib/python3.11/site-packages/fastapi/routing.py", line 706, in app
    raw_response = await run_endpoint_function(
                   ^^^^^^^^^^^^^^^^^^^^^^^^^^^^
  File "/home/user/FIFA-WORLDCUP-PREDICTION/.venv/lib/python3.11/site-packages/fastapi/routing.py", line 352, in run_endpoint_function
    return await dependant.call(**values)
           ^^^^^^^^^^^^^^^^^^^^^^^^^^^^^^
  File "/home/user/FIFA-WORLDCUP-PREDICTION/v3_web/main.py", line 61, in hub
    return templates.TemplateResponse(request=request, name="index.html", context=ctx)
           ^^^^^^^^^^^^^^^^^^^^^^^^^^^^^^^^^^^^^^^^^^^^^^^^^^^^^^^^^^^^^^^^^^^^^^^^^^^
  File "/home/user/FIFA-WORLDCUP-PREDICTION/.venv/lib/python3.11/site-packages/starlette/templating.py", line 149, in TemplateResponse
    return _TemplateResponse(
           ^^^^^^^^^^^^^^^^^^
  File "/home/user/FIFA-WORLDCUP-PREDICTION/.venv/lib/python3.11/site-packages/starlette/templating.py", line 43, in __init__
    content = template.render(context)
              ^^^^^^^^^^^^^^^^^^^^^^^^
  File "/home/user/FIFA-WORLDCUP-PREDICTION/.venv/lib/python3.11/site-packages/jinja2/environment.py", line 1295, in render
    self.environment.handle_exception()
  File "/home/user/FIFA-WORLDCUP-PREDICTION/.venv/lib/python3.11/site-packages/jinja2/environment.py", line 942, in handle_exception
    raise rewrite_traceback_stack(source=source)
  File "templates/index.html", line 1, in top-level template code
    {% extends "base.html" %}
  File "/home/user/FIFA-WORLDCUP-PREDICTION/.venv/lib/python3.11/site-packages/jinja2/environment.py", line 942, in handle_exception
    raise rewrite_traceback_stack(source=source)
  File "templates/base.html", line 111, in template
    {% block content %}{% endfor %}
    ^^^^^^^^^^^^^^^^^^^^^^^^^
jinja2.exceptions.TemplateSyntaxError: Encountered unknown tag 'endfor'. Jinja was looking for the following tags: 'endblock'. The innermost block that needs to be closed is 'block'.
INFO:     127.0.0.1:56898 - "GET / HTTP/1.1" 200 OK
INFO:     127.0.0.1:33146 - "GET /match?team=Manchester+City&league=Premier+League HTTP/1.1" 200 OK
